{
  "suite": "task-21-workbench-improvements",
  "passed": 4,
  "failed": 0,
  "results": [
    {
      "name": "a) 首次进入自动快照 1 份且形状正确",
      "ok": true,
      "detail": "{\"count\":1,\"id\":\"20260812-063021\",\"date\":\"2026-08-12\",\"createdAt\":\"2026-08-11T22:30:21.743Z\",\"idOk\":true,\"dateOk\":true,\"createdParsed\":true,\"dataKeys\":[\"version\",\"exportedAt\",\"todos\",\"notes\",\"countdowns\",\"passwords\",\"health\",\"ledger\",\"settings\",\"pomodoro\",\"habits\"],\"hasTodos\":true,\"hasPomodoro\":true,\"hasHabits\":true,\"todosFromIdb\":true,\"exportHasSnapshots\":false}"
    },
    {
      "name": "b) 快照数据来自 IDB（todos 与 idbExportAll 一致）",
      "ok": true,
      "detail": "{\"count\":1,\"id\":\"20260812-063021\",\"date\":\"2026-08-12\",\"createdAt\":\"2026-08-11T22:30:21.743Z\",\"idOk\":true,\"dateOk\":true,\"createdParsed\":true,\"dataKeys\":[\"version\",\"exportedAt\",\"todos\",\"notes\",\"countdowns\",\"passwords\",\"health\",\"ledger\",\"settings\",\"pomodoro\",\"habits\"],\"hasTodos\":true,\"hasPomodoro\":true,\"hasHabits\":true,\"todosFromIdb\":true,\"exportHasSnapshots\":false}"
    },
    {
      "name": "c) 快照不进 JSON 备份导出",
      "ok": true,
      "detail": "{\"count\":1,\"id\":\"20260812-063021\",\"date\":\"2026-08-12\",\"createdAt\":\"2026-08-11T22:30:21.743Z\",\"idOk\":true,\"dateOk\":true,\"createdParsed\":true,\"dataKeys\":[\"version\",\"exportedAt\",\"todos\",\"notes\",\"countdowns\",\"passwords\",\"health\",\"ledger\",\"settings\",\"pomodoro\",\"habits\"],\"hasTodos\":true,\"hasPomodoro\":true,\"hasHabits\":true,\"todosFromIdb\":true,\"exportHasSnapshots\":false}"
    },
    {
      "name": "d) reload 后同日去重仍 1 份（同 id）",
      "ok": true,
      "detail": "{\"count\":1,\"ids\":[\"20260812-063021\"]}"
    }
  ]
}
